
> app@0.1.0 build
> next build

  Γû▓ Next.js 14.2.35
  - Environments: .env.local

   Creating an optimized production build ...
node.exe : Failed to compile.
At line:1 char:1
+ & "C:\Program Files\nodejs/node.exe" "C:\Program 
Files\nodejs/node_mo ...
+ ~~~~~~~~~~~~~~~~~~~~~~~~~~~~~~~~~~~~~~~~~~~~~~~~~~~~~~
~~~~~~~~~~~~~~~
    + CategoryInfo          : NotSpecified: (Failed to  
   compile.:String) [], RemoteException
    + FullyQualifiedErrorId : NativeCommandError
 

./src/app/globals.css.webpack[javascript/auto]!=!./node_
modules/next/dist/build/webpack/loaders/css-loader/src/i
ndex.js??ruleSet[1].rules[14].oneOf[12].use[2]!./node_mo
dules/next/dist/build/webpack/loaders/postcss-loader/src
/index.js??ruleSet[1].rules[14].oneOf[12].use[3]!./src/a
pp/globals.css
Error: Cannot find module 'tailwindcss-animate'
Require stack:
- C:\Users\Lavan\OneDrive\Documents\Networkers 
Home\Resume_Builder\tailwind.config.ts
    at Module.<anonymous> 
(node:internal/modules/cjs/loader:1456:15)
    at C:\Users\Lavan\OneDrive\Documents\Networkers Home
\Resume_Builder\node_modules\next\dist\server\require-ho
ok.js:55:36
    at require.resolve 
(node:internal/modules/helpers:163:19)
    at _resolve 
(C:\Users\Lavan\OneDrive\Documents\Networkers Home\Resum
e_Builder\node_modules\jiti\dist\jiti.js:1:246378)
    at jiti 
(C:\Users\Lavan\OneDrive\Documents\Networkers Home\Resum
e_Builder\node_modules\jiti\dist\jiti.js:1:249092)
    at C:\Users\Lavan\OneDrive\Documents\Networkers 
Home\Resume_Builder\tailwind.config.ts:17:49
    at evalModule 
(C:\Users\Lavan\OneDrive\Documents\Networkers Home\Resum
e_Builder\node_modules\jiti\dist\jiti.js:1:251913)
    at jiti 
(C:\Users\Lavan\OneDrive\Documents\Networkers Home\Resum
e_Builder\node_modules\jiti\dist\jiti.js:1:249841)
    at C:\Users\Lavan\OneDrive\Documents\Networkers Home
\Resume_Builder\node_modules\tailwindcss\lib\lib\load-co
nfig.js:53:30
    at loadConfig 
(C:\Users\Lavan\OneDrive\Documents\Networkers Home\Resum
e_Builder\node_modules\tailwindcss\lib\lib\load-config.j
s:55:6)

Import trace for requested module:
./src/app/globals.css.webpack[javascript/auto]!=!./node_
modules/next/dist/build/webpack/loaders/css-loader/src/i
ndex.js??ruleSet[1].rules[14].oneOf[12].use[2]!./node_mo
dules/next/dist/build/webpack/loaders/postcss-loader/src
/index.js??ruleSet[1].rules[14].oneOf[12].use[3]!./src/a
pp/globals.css
./src/app/globals.css

./src/app/globals.css
Error: Cannot find module 'tailwindcss-animate'
Require stack:
- C:\Users\Lavan\OneDrive\Documents\Networkers 
Home\Resume_Builder\tailwind.config.ts
    at Module.<anonymous> 
(node:internal/modules/cjs/loader:1456:15)
    at C:\Users\Lavan\OneDrive\Documents\Networkers Home
\Resume_Builder\node_modules\next\dist\server\require-ho
ok.js:55:36
    at require.resolve 
(node:internal/modules/helpers:163:19)
    at _resolve 
(C:\Users\Lavan\OneDrive\Documents\Networkers Home\Resum
e_Builder\node_modules\jiti\dist\jiti.js:1:246378)
    at jiti 
(C:\Users\Lavan\OneDrive\Documents\Networkers Home\Resum
e_Builder\node_modules\jiti\dist\jiti.js:1:249092)
    at C:\Users\Lavan\OneDrive\Documents\Networkers 
Home\Resume_Builder\tailwind.config.ts:17:49
    at evalModule 
(C:\Users\Lavan\OneDrive\Documents\Networkers Home\Resum
e_Builder\node_modules\jiti\dist\jiti.js:1:251913)
    at jiti 
(C:\Users\Lavan\OneDrive\Documents\Networkers Home\Resum
e_Builder\node_modules\jiti\dist\jiti.js:1:249841)
    at C:\Users\Lavan\OneDrive\Documents\Networkers Home
\Resume_Builder\node_modules\tailwindcss\lib\lib\load-co
nfig.js:53:30
    at loadConfig 
(C:\Users\Lavan\OneDrive\Documents\Networkers Home\Resum
e_Builder\node_modules\tailwindcss\lib\lib\load-config.j
s:55:6)
    at tryRunOrWebpackError 
(C:\Users\Lavan\OneDrive\Documents\Networkers Home\Resum
e_Builder\node_modules\next\dist\compiled\webpack\bundle
5.js:28:312989)
    at __webpack_require_module__ 
(C:\Users\Lavan\OneDrive\Documents\Networkers Home\Resum
e_Builder\node_modules\next\dist\compiled\webpack\bundle
5.js:28:131165)
    at __nested_webpack_require_153728__ 
(C:\Users\Lavan\OneDrive\Documents\Networkers Home\Resum
e_Builder\node_modules\next\dist\compiled\webpack\bundle
5.js:28:130607)
    at C:\Users\Lavan\OneDrive\Documents\Networkers Home
\Resume_Builder\node_modules\next\dist\compiled\webpack\
bundle5.js:28:131454
    at symbolIterator 
(C:\Users\Lavan\OneDrive\Documents\Networkers Home\Resum
e_Builder\node_modules\next\dist\compiled\neo-async\asyn
c.js:1:14444)
    at done 
(C:\Users\Lavan\OneDrive\Documents\Networkers Home\Resum
e_Builder\node_modules\next\dist\compiled\neo-async\asyn
c.js:1:14824)
    at Hook.eval [as callAsync] (eval at create 
(C:\Users\Lavan\OneDrive\Documents\Networkers Home\Resum
e_Builder\node_modules\next\dist\compiled\webpack\bundle
5.js:13:28858), <anonymous>:15:1)
    at Hook.CALL_ASYNC_DELEGATE [as _callAsync] 
(C:\Users\Lavan\OneDrive\Documents\Networkers Home\Resum
e_Builder\node_modules\next\dist\compiled\webpack\bundle
5.js:13:26012)
    at C:\Users\Lavan\OneDrive\Documents\Networkers Home
\Resume_Builder\node_modules\next\dist\compiled\webpack\
bundle5.js:28:130328
    at symbolIterator 
(C:\Users\Lavan\OneDrive\Documents\Networkers Home\Resum
e_Builder\node_modules\next\dist\compiled\neo-async\asyn
c.js:1:14402)
-- inner error --
Error: Cannot find module 'tailwindcss-animate'
Require stack:
- C:\Users\Lavan\OneDrive\Documents\Networkers 
Home\Resume_Builder\tailwind.config.ts
    at Module.<anonymous> 
(node:internal/modules/cjs/loader:1456:15)
    at C:\Users\Lavan\OneDrive\Documents\Networkers Home
\Resume_Builder\node_modules\next\dist\server\require-ho
ok.js:55:36
    at require.resolve 
(node:internal/modules/helpers:163:19)
    at _resolve 
(C:\Users\Lavan\OneDrive\Documents\Networkers Home\Resum
e_Builder\node_modules\jiti\dist\jiti.js:1:246378)
    at jiti 
(C:\Users\Lavan\OneDrive\Documents\Networkers Home\Resum
e_Builder\node_modules\jiti\dist\jiti.js:1:249092)
    at C:\Users\Lavan\OneDrive\Documents\Networkers 
Home\Resume_Builder\tailwind.config.ts:17:49
    at evalModule 
(C:\Users\Lavan\OneDrive\Documents\Networkers Home\Resum
e_Builder\node_modules\jiti\dist\jiti.js:1:251913)
    at jiti 
(C:\Users\Lavan\OneDrive\Documents\Networkers Home\Resum
e_Builder\node_modules\jiti\dist\jiti.js:1:249841)
    at C:\Users\Lavan\OneDrive\Documents\Networkers Home
\Resume_Builder\node_modules\tailwindcss\lib\lib\load-co
nfig.js:53:30
    at loadConfig 
(C:\Users\Lavan\OneDrive\Documents\Networkers Home\Resum
e_Builder\node_modules\tailwindcss\lib\lib\load-config.j
s:55:6)
    at Object.<anonymous> 
(C:\Users\Lavan\OneDrive\Documents\Networkers Home\Resum
e_Builder\node_modules\next\dist\build\webpack\loaders\c
ss-loader\src\index.js??ruleSet[1].rules[14].oneOf[12].u
se[2]!C:\Users\Lavan\OneDrive\Documents\Networkers Home\
Resume_Builder\node_modules\next\dist\build\webpack\load
ers\postcss-loader\src\index.js??ruleSet[1].rules[14].on
eOf[12].use[3]!C:\Users\Lavan\OneDrive\Documents\Network
ers Home\Resume_Builder\src\app\globals.css:1:7)
    at C:\Users\Lavan\OneDrive\Documents\Networkers Home
\Resume_Builder\node_modules\next\dist\compiled\webpack\
bundle5.js:28:922493
    at Hook.eval [as call] (eval at create 
(C:\Users\Lavan\OneDrive\Documents\Networkers Home\Resum
e_Builder\node_modules\next\dist\compiled\webpack\bundle
5.js:13:28636), <anonymous>:7:1)
    at Hook.CALL_DELEGATE [as _call] 
(C:\Users\Lavan\OneDrive\Documents\Networkers Home\Resum
e_Builder\node_modules\next\dist\compiled\webpack\bundle
5.js:13:25906)
    at C:\Users\Lavan\OneDrive\Documents\Networkers Home
\Resume_Builder\node_modules\next\dist\compiled\webpack\
bundle5.js:28:131198
    at tryRunOrWebpackError 
(C:\Users\Lavan\OneDrive\Documents\Networkers Home\Resum
e_Builder\node_modules\next\dist\compiled\webpack\bundle
5.js:28:312943)
    at __webpack_require_module__ 
(C:\Users\Lavan\OneDrive\Documents\Networkers Home\Resum
e_Builder\node_modules\next\dist\compiled\webpack\bundle
5.js:28:131165)
    at __nested_webpack_require_153728__ 
(C:\Users\Lavan\OneDrive\Documents\Networkers Home\Resum
e_Builder\node_modules\next\dist\compiled\webpack\bundle
5.js:28:130607)
    at C:\Users\Lavan\OneDrive\Documents\Networkers Home
\Resume_Builder\node_modules\next\dist\compiled\webpack\
bundle5.js:28:131454
    at symbolIterator 
(C:\Users\Lavan\OneDrive\Documents\Networkers Home\Resum
e_Builder\node_modules\next\dist\compiled\neo-async\asyn
c.js:1:14444)

Generated code for 
C:\Users\Lavan\OneDrive\Documents\Networkers Home\Resume
_Builder\node_modules\next\dist\build\webpack\loaders\cs
s-loader\src\index.js??ruleSet[1].rules[14].oneOf[12].us
e[2]!C:\Users\Lavan\OneDrive\Documents\Networkers Home\R
esume_Builder\node_modules\next\dist\build\webpack\loade
rs\postcss-loader\src\index.js??ruleSet[1].rules[14].one
Of[12].use[3]!C:\Users\Lavan\OneDrive\Documents\Networke
rs Home\Resume_Builder\src\app\globals.css

Import trace for requested module:
./src/app/globals.css


> Build failed because of webpack errors
